// Vitest Snapshot v1, https://vitest.dev/guide/snapshot.html

exports[`generate > snapshots the generated tree for the kitchen-sink fixture 1`] = `
"=== .claude-plugin/marketplace.json ===
{
  "name": "kitchen-sink-dev",
  "description": "Development marketplace for kitchen-sink",
  "plugins": [
    {
      "name": "kitchen-sink",
      "description": "Fixture plugin exercising every component type",
      "version": "0.1.0",
      "source": "./",
      "author": {
        "name": "Prime Radiant",
        "email": "dev@prime-radiant.example"
      },
      "category": "Developer Tools",
      "keywords": [
        "demo",
        "fixture"
      ]
    }
  ],
  "owner": {
    "name": "Prime Radiant",
    "email": "dev@prime-radiant.example"
  }
}

=== .claude-plugin/plugin.json ===
{
  "name": "kitchen-sink",
  "version": "0.1.0",
  "description": "Fixture plugin exercising every component type",
  "author": {
    "name": "Prime Radiant",
    "email": "dev@prime-radiant.example"
  },
  "license": "MIT",
  "repository": "https://github.com/prime-radiant-inc/everyharness",
  "keywords": [
    "fixture"
  ],
  "hooks": "./hooks/everyharness/hooks.json",
  "homepage": "https://example.com/kitchen-sink"
}

=== hooks/everyharness/hooks.json ===
{
  "hooks": {
    "SessionStart": [
      {
        "matcher": "startup|clear|compact",
        "hooks": [
          {
            "type": "command",
            "command": "echo '{\\"hookSpecificOutput\\":{\\"hookEventName\\":\\"SessionStart\\",\\"additionalContext\\":\\"kitchen-sink hook ran\\"}}'"
          }
        ]
      },
      {
        "matcher": "startup|clear|compact",
        "hooks": [
          {
            "type": "command",
            "command": "\\"\${CLAUDE_PLUGIN_ROOT}/hooks/everyharness/run-hook.cmd\\" session-start",
            "shell": "bash",
            "async": false
          }
        ]
      }
    ]
  }
}

=== hooks/everyharness/run-hook.cmd ===
: << 'CMDBLOCK'
@echo off
REM GENERATED by everyharness -- edit everyharness.yaml instead
REM Cross-platform polyglot wrapper for hook scripts.
REM On Windows: cmd.exe runs the batch portion, which finds and calls bash.
REM On Unix: the shell interprets this as a script (: is a no-op in bash).
REM Usage: run-hook.cmd <script-name> [args...]

if "%~1"=="" (
    echo run-hook.cmd: missing script name >&2
    exit /b 1
)

set "HOOK_DIR=%~dp0"

if exist "C:\\Program Files\\Git\\bin\\bash.exe" (
    "C:\\Program Files\\Git\\bin\\bash.exe" "%HOOK_DIR%%~1" %2 %3 %4 %5 %6 %7 %8 %9
    exit /b %ERRORLEVEL%
)
if exist "C:\\Program Files (x86)\\Git\\bin\\bash.exe" (
    "C:\\Program Files (x86)\\Git\\bin\\bash.exe" "%HOOK_DIR%%~1" %2 %3 %4 %5 %6 %7 %8 %9
    exit /b %ERRORLEVEL%
)

where bash >nul 2>nul
if %ERRORLEVEL% equ 0 (
    bash "%HOOK_DIR%%~1" %2 %3 %4 %5 %6 %7 %8 %9
    exit /b %ERRORLEVEL%
)

exit /b 0
CMDBLOCK

# Unix: run the named script directly
SCRIPT_DIR="$(cd "$(dirname "$0")" && pwd)"
SCRIPT_NAME="$1"
shift
exec bash "\${SCRIPT_DIR}/\${SCRIPT_NAME}" "$@"

=== hooks/everyharness/session-start ===
#!/usr/bin/env bash
# GENERATED by everyharness — edit everyharness.yaml instead
# SessionStart bootstrap hook for the kitchen-sink plugin (emitted by everyharness)

set -euo pipefail

SCRIPT_DIR="$(cd "$(dirname "$0")" && pwd)"
PLUGIN_ROOT="$(cd "\${SCRIPT_DIR}/../.." && pwd)"

bootstrap_content=$(cat "\${PLUGIN_ROOT}/skills/using-kitchen-sink/SKILL.md" 2>&1 || echo "Error reading bootstrap skill")

escape_for_json() {
    local s="$1"
    s="\${s//\\\\/\\\\\\\\}"
    s="\${s//\\"/\\\\\\"}"
    s="\${s//$'\\n'/\\\\n}"
    s="\${s//$'\\r'/\\\\r}"
    s="\${s//$'\\t'/\\\\t}"
    printf '%s' "$s"
}

bootstrap_escaped=$(escape_for_json "$bootstrap_content")
session_context="<plugin-bootstrap plugin=\\\\\\"kitchen-sink\\\\\\">\\nThe following skill from the kitchen-sink plugin is loaded at session start:\\n\\n\${bootstrap_escaped}\\n</plugin-bootstrap>"

if [ -n "\${CURSOR_PLUGIN_ROOT:-}" ]; then
  printf '{\\n  "additional_context": "%s"\\n}\\n' "$session_context" | cat
elif [ -n "\${CLAUDE_PLUGIN_ROOT:-}" ] && [ -z "\${COPILOT_CLI:-}" ]; then
  printf '{\\n  "hookSpecificOutput": {\\n    "hookEventName": "SessionStart",\\n    "additionalContext": "%s"\\n  }\\n}\\n' "$session_context" | cat
else
  printf '{\\n  "additionalContext": "%s"\\n}\\n' "$session_context" | cat
fi

exit 0
"
`;
