// Vitest Snapshot v1, https://vitest.dev/guide/snapshot.html

exports[`generate > snapshots the generated tree for the kitchen-sink fixture 1`] = `
"=== .agents/plugins/marketplace.json ===
{
  "name": "kitchen-sink-dev",
  "interface": {
    "displayName": "kitchen-sink"
  },
  "plugins": [
    {
      "name": "kitchen-sink",
      "source": {
        "source": "url",
        "url": "./"
      },
      "policy": {
        "installation": "AVAILABLE",
        "authentication": "ON_INSTALL"
      },
      "category": "Developer Tools"
    }
  ]
}

=== .claude-plugin/marketplace.json ===
{
  "name": "kitchen-sink-dev",
  "description": "Development marketplace for kitchen-sink",
  "plugins": [
    {
      "name": "kitchen-sink",
      "description": "Fixture plugin exercising every component type",
      "version": "0.1.0",
      "source": "./",
      "author": {
        "name": "Prime Radiant",
        "email": "dev@prime-radiant.example"
      },
      "category": "Developer Tools",
      "keywords": [
        "demo",
        "fixture"
      ]
    }
  ],
  "owner": {
    "name": "Prime Radiant",
    "email": "dev@prime-radiant.example"
  }
}

=== .claude-plugin/plugin.json ===
{
  "name": "kitchen-sink",
  "version": "0.1.0",
  "description": "Fixture plugin exercising every component type",
  "author": {
    "name": "Prime Radiant",
    "email": "dev@prime-radiant.example"
  },
  "license": "MIT",
  "repository": "https://github.com/prime-radiant-inc/everyharness",
  "keywords": [
    "fixture"
  ],
  "hooks": "./hooks/everyharness/hooks.json",
  "homepage": "https://example.com/kitchen-sink"
}

=== .codex-plugin/plugin.json ===
{
  "name": "kitchen-sink",
  "version": "0.1.0",
  "description": "Fixture plugin exercising every component type",
  "author": {
    "name": "Prime Radiant",
    "email": "dev@prime-radiant.example"
  },
  "repository": "https://github.com/prime-radiant-inc/everyharness",
  "license": "MIT",
  "keywords": [
    "fixture"
  ],
  "skills": "./skills/",
  "hooks": {}
}

=== .cursor-plugin/plugin.json ===
{
  "name": "kitchen-sink",
  "displayName": "kitchen-sink",
  "description": "Fixture plugin exercising every component type",
  "version": "0.1.0",
  "author": {
    "name": "Prime Radiant",
    "email": "dev@prime-radiant.example"
  },
  "repository": "https://github.com/prime-radiant-inc/everyharness",
  "license": "MIT",
  "keywords": [
    "fixture"
  ],
  "skills": "./skills/",
  "hooks": "./hooks/everyharness/hooks-cursor.json"
}

=== .devin-plugin/plugin.json ===
{
  "name": "kitchen-sink",
  "version": "0.1.0",
  "description": "Fixture plugin exercising every component type",
  "author": {
    "name": "Prime Radiant",
    "email": "dev@prime-radiant.example"
  },
  "repository": "https://github.com/prime-radiant-inc/everyharness",
  "license": "MIT",
  "keywords": [
    "fixture"
  ]
}

=== .kimi-plugin/plugin.json ===
{
  "name": "kitchen-sink",
  "version": "0.1.0",
  "description": "Fixture plugin exercising every component type",
  "author": {
    "name": "Prime Radiant",
    "email": "dev@prime-radiant.example"
  },
  "repository": "https://github.com/prime-radiant-inc/everyharness",
  "license": "MIT",
  "keywords": [
    "fixture"
  ],
  "skills": "./skills/",
  "sessionStart": {
    "skill": "using-kitchen-sink"
  }
}

=== .opencode/agent/ks-reviewer.md ===
---
# GENERATED by everyharness — edit everyharness.yaml instead
description: Reviews kitchen-sink output for fixture correctness
mode: subagent
---

You review kitchen-sink fixture output. Report anything that looks broken.

=== .opencode/command/ks-hello.md ===
---
# GENERATED by everyharness — edit everyharness.yaml instead
description: Say hello from the kitchen-sink fixture
---

Say a cheerful hello to $ARGUMENTS (default: the current user).

=== .opencode/plugins/kitchen-sink.js ===
// kitchen-sink plugin for OpenCode — registers the skills directory and injects bootstrap context into the first user message.
// GENERATED by everyharness — edit everyharness.yaml instead

import path from 'path'
import fs from 'fs'
import { fileURLToPath } from 'url'

const __dirname = path.dirname(fileURLToPath(import.meta.url))

// Minimal frontmatter stripper (dependency-free rather than pulling in a
// markdown/frontmatter package for a single bootstrap-file read).
const extractAndStripFrontmatter = (content) => {
  const match = content.match(/^---\\n([\\s\\S]*?)\\n---\\n([\\s\\S]*)$/)
  if (!match) return { frontmatter: {}, content }
  const frontmatterStr = match[1]
  const body = match[2]
  const frontmatter = {}
  for (const line of frontmatterStr.split('\\n')) {
    const colonIdx = line.indexOf(':')
    if (colonIdx > 0) {
      const key = line.slice(0, colonIdx).trim()
      const value = line.slice(colonIdx + 1).trim().replace(/^["']|["']$/g, '')
      frontmatter[key] = value
    }
  }
  return { frontmatter, content: body }
}

const skillsDir = path.resolve(__dirname, '../../skills')
const BOOTSTRAP_MARKER = '<plugin-bootstrap plugin="kitchen-sink">'

// Module-level cache for bootstrap content. The bootstrap file does not
// change during a session, so reading and parsing it once eliminates
// redundant fs work on every agent step.
let _bootstrapCache = undefined // undefined = not yet loaded, null = file missing

export const KitchenSinkPlugin = async ({ client, directory }) => {
  const getBootstrapContent = () => {
    if (_bootstrapCache !== undefined) return _bootstrapCache

    const bootstrapPath = path.resolve(__dirname, '../../skills/using-kitchen-sink/SKILL.md')
    if (!fs.existsSync(bootstrapPath)) {
      _bootstrapCache = null
      return null
    }

    const fullContent = fs.readFileSync(bootstrapPath, 'utf8')
    const { content } = extractAndStripFrontmatter(fullContent)

    _bootstrapCache = BOOTSTRAP_MARKER + '\\n' + content + '\\n</plugin-bootstrap>'
    return _bootstrapCache
  }

  return {
    // Inject the plugin's skills path into live config so OpenCode discovers
    // its skills without requiring manual symlinks or config file edits.
    config: async (config) => {
      config.skills = config.skills || {}
      config.skills.paths = config.skills.paths || []
      if (!config.skills.paths.includes(skillsDir)) {
        config.skills.paths.push(skillsDir)
      }
    },

    // Inject bootstrap into the first user message of each session, guarded
    // by a marker substring so re-running the transform on an already
    // transformed message array never injects twice.
    'experimental.chat.messages.transform': async (_input, output) => {
      const bootstrap = getBootstrapContent()
      if (!bootstrap || !output.messages.length) return
      const firstUser = output.messages.find((m) => m.info.role === 'user')
      if (!firstUser || !firstUser.parts.length) return

      if (firstUser.parts.some((p) => p.type === 'text' && p.text.includes(BOOTSTRAP_MARKER))) return

      const ref = firstUser.parts[0]
      firstUser.parts.unshift({ ...ref, type: 'text', text: bootstrap })
    },
  }
}

=== gemini-extension.json ===
{
  "name": "kitchen-sink",
  "description": "Fixture plugin exercising every component type",
  "version": "0.1.0",
  "contextFileName": "GEMINI.md"
}

=== GEMINI.md ===
<!-- GENERATED by everyharness — edit everyharness.yaml instead -->

@./skills/using-kitchen-sink/SKILL.md

=== hooks/everyharness/hooks-cursor.json ===
{
  "version": 1,
  "hooks": {
    "sessionStart": [
      {
        "command": "./hooks/everyharness/run-hook.cmd session-start"
      }
    ]
  }
}

=== hooks/everyharness/hooks.json ===
{
  "hooks": {
    "SessionStart": [
      {
        "matcher": "startup|clear|compact",
        "hooks": [
          {
            "type": "command",
            "command": "echo '{\\"hookSpecificOutput\\":{\\"hookEventName\\":\\"SessionStart\\",\\"additionalContext\\":\\"kitchen-sink hook ran\\"}}'"
          }
        ]
      },
      {
        "matcher": "startup|clear|compact",
        "hooks": [
          {
            "type": "command",
            "command": "\\"\${CLAUDE_PLUGIN_ROOT}/hooks/everyharness/run-hook.cmd\\" session-start",
            "shell": "bash",
            "async": false
          }
        ]
      }
    ]
  }
}

=== hooks/everyharness/run-hook.cmd ===
: << 'CMDBLOCK'
@echo off
REM GENERATED by everyharness -- edit everyharness.yaml instead
REM Cross-platform polyglot wrapper for hook scripts.
REM On Windows: cmd.exe runs the batch portion, which finds and calls bash.
REM On Unix: the shell interprets this as a script (: is a no-op in bash).
REM Usage: run-hook.cmd <script-name> [args...]

if "%~1"=="" (
    echo run-hook.cmd: missing script name >&2
    exit /b 1
)

set "HOOK_DIR=%~dp0"

if exist "C:\\Program Files\\Git\\bin\\bash.exe" (
    "C:\\Program Files\\Git\\bin\\bash.exe" "%HOOK_DIR%%~1" %2 %3 %4 %5 %6 %7 %8 %9
    exit /b %ERRORLEVEL%
)
if exist "C:\\Program Files (x86)\\Git\\bin\\bash.exe" (
    "C:\\Program Files (x86)\\Git\\bin\\bash.exe" "%HOOK_DIR%%~1" %2 %3 %4 %5 %6 %7 %8 %9
    exit /b %ERRORLEVEL%
)

where bash >nul 2>nul
if %ERRORLEVEL% equ 0 (
    bash "%HOOK_DIR%%~1" %2 %3 %4 %5 %6 %7 %8 %9
    exit /b %ERRORLEVEL%
)

exit /b 0
CMDBLOCK

# Unix: run the named script directly
SCRIPT_DIR="$(cd "$(dirname "$0")" && pwd)"
SCRIPT_NAME="$1"
shift
exec bash "\${SCRIPT_DIR}/\${SCRIPT_NAME}" "$@"

=== hooks/everyharness/session-start ===
#!/usr/bin/env bash
# GENERATED by everyharness — edit everyharness.yaml instead
# SessionStart bootstrap hook for the kitchen-sink plugin (emitted by everyharness)

set -euo pipefail

SCRIPT_DIR="$(cd "$(dirname "$0")" && pwd)"
PLUGIN_ROOT="$(cd "\${SCRIPT_DIR}/../.." && pwd)"

bootstrap_content=$(cat "\${PLUGIN_ROOT}/skills/using-kitchen-sink/SKILL.md" 2>&1 || echo "Error reading bootstrap skill")

escape_for_json() {
    local s="$1"
    s="\${s//\\\\/\\\\\\\\}"
    s="\${s//\\"/\\\\\\"}"
    s="\${s//$'\\n'/\\\\n}"
    s="\${s//$'\\r'/\\\\r}"
    s="\${s//$'\\t'/\\\\t}"
    printf '%s' "$s"
}

bootstrap_escaped=$(escape_for_json "$bootstrap_content")
session_context="<plugin-bootstrap plugin=\\\\\\"kitchen-sink\\\\\\">\\nThe following skill from the kitchen-sink plugin is loaded at session start:\\n\\n\${bootstrap_escaped}\\n</plugin-bootstrap>"

if [ -n "\${CURSOR_PLUGIN_ROOT:-}" ]; then
  printf '{\\n  "additional_context": "%s"\\n}\\n' "$session_context" | cat
elif [ -n "\${CLAUDE_PLUGIN_ROOT:-}" ] && [ -z "\${COPILOT_CLI:-}" ]; then
  printf '{\\n  "hookSpecificOutput": {\\n    "hookEventName": "SessionStart",\\n    "additionalContext": "%s"\\n  }\\n}\\n' "$session_context" | cat
else
  printf '{\\n  "additionalContext": "%s"\\n}\\n' "$session_context" | cat
fi

exit 0

=== mcp.json ===
{
  "$schema": "https://agent-plugins.org/schemas/1.0.0/mcp.schema.json",
  "mcpServers": {
    "ks-demo": {
      "type": "stdio",
      "command": "node",
      "args": [
        "./mcp-demo-server.js"
      ]
    }
  }
}

=== package.json ===
{
  "name": "kitchen-sink",
  "version": "0.1.0",
  "description": "Fixture plugin exercising every component type",
  "type": "module",
  "main": "./.opencode/plugins/kitchen-sink.js",
  "pi": {
    "extensions": [
      "./.pi/extensions/kitchen-sink.ts"
    ],
    "skills": [
      "./skills"
    ]
  },
  "keywords": [
    "fixture",
    "pi-package"
  ]
}

=== plugin.json ===
{
  "$schema": "https://agent-plugins.org/schemas/1.0.0/plugin.schema.json",
  "name": "kitchen-sink",
  "version": "0.1.0",
  "description": "Fixture plugin exercising every component type",
  "author": {
    "name": "Prime Radiant",
    "email": "dev@prime-radiant.example"
  },
  "repository": "https://github.com/prime-radiant-inc/everyharness",
  "license": "MIT",
  "keywords": [
    "fixture"
  ]
}
"
`;
